=== AUTONOMOUS WORK SESSION START ===
Timestamp: 2026-01-05-165800-pst
Mode: Automatic Glow Programming
Focus: Autonomous System Demo Setup

=== ITERATION 1: Autonomous Folder Creation ===

Thinking process:
1. User requested autonomous folder to demo system from this point forward
2. Need to create structured folder for autonomous work demonstrations
3. Should include: demos, logs, scripts, state directories
4. Create README and initial demo session documentation
5. Establish pattern for future autonomous work

Current state:
- Repository: Clean working tree
- Recent work: Flow Agent Grainflow, RISC-V preparation, agent prompts
- Focus: Setting up autonomous demo system

Tasks identified:
1. Create autonomous/ folder structure - HIGH PRIORITY
2. Create README.md with overview - HIGH PRIORITY
3. Create initial demo session - HIGH PRIORITY
4. Create autonomous work pattern script - MEDIUM PRIORITY
5. Commit and push changes - HIGH PRIORITY

Proceeding with Iteration 2: Creating folder structure and documentation...

=== ITERATION 2: Documentation and Pattern Setup ===

Thinking process:
1. Folder structure created successfully
2. Need comprehensive README explaining purpose
3. Should create initial demo session document
4. Need autonomous work pattern documentation
5. All should follow Grain Style and timestamp format

Current state:
- Folder structure: ✅ Created
- README: ✅ Created
- Demo session: ✅ Created
- Pattern script: ✅ Created

Tasks completed:
1. ✅ Created autonomous/ folder structure
2. ✅ Created README.md
3. ✅ Created initial demo session
4. ✅ Created autonomous work pattern script

Proceeding with commit and push...

=== AUTONOMOUS WORK SESSION END ===
Timestamp: 2026-01-05-165800-pst

Summary:
- ✅ Autonomous folder structure created
- ✅ Documentation complete
- ✅ Pattern established
- ✅ Ready for future autonomous work demonstrations

Next steps:
- Continue with Cursor CLI integration
- RISC-V environment setup
- Critical path support

